>>> say_my_name = __import__('3-say_my_name').say_my_name
>>> say_my_name("totoo", "toto")
My name is totoo toto
>>> say_my_name(None, "toto")
Traceback (most recent call last):
  File "<stdin>", line 1, in <module>
  File "<stdin>", line 4, in say_my_name
TypeError: first_name must be a string or last_name must be a string
>>> say_my_name("totoo", None)
Traceback (most recent call last):
  File "<stdin>", line 1, in <module>
  File "<stdin>", line 4, in say_my_name
TypeError: first_name must be a string or last_name must be a string
>>> say_my_name("totoo", 5)
Traceback (most recent call last):
  File "<stdin>", line 1, in <module>
  File "<stdin>", line 4, in say_my_name
TypeError: first_name must be a string or last_name must be a string
>>> say_my_name(5, "toto")
Traceback (most recent call last):
  File "<stdin>", line 1, in <module>
  File "<stdin>", line 4, in say_my_name
TypeError: first_name must be a string or last_name must be a string
>>>
